[0m02:25:00.568665 [debug] [MainThread]: Sending event: {'category': 'dbt', 'action': 'invocation', 'label': 'start', 'context': [<snowplow_tracker.self_describing_json.SelfDescribingJson object at 0x000002C7493E67B0>, <snowplow_tracker.self_describing_json.SelfDescribingJson object at 0x000002C747868560>, <snowplow_tracker.self_describing_json.SelfDescribingJson object at 0x000002C747869E20>]}


============================== 02:25:00.582152 | efd51744-44ff-4593-a906-c4a7705602a9 ==============================
[0m02:25:00.582152 [info ] [MainThread]: Running with dbt=1.12.0
[0m02:25:00.582152 [debug] [MainThread]: running dbt with arguments {'version_check': 'True', 'no_print': 'None', 'maximum_seed_size_mib': '1', 'warn_error_options': 'WarnErrorOptionsV2(error=[], warn=[], silence=[])', 'target_path': 'None', 'static_parser': 'True', 'printer_width': '80', 'write_json': 'True', 'empty': 'None', 'log_cache_events': 'False', 'introspect': 'True', 'cache_selected_only': 'False', 'fail_fast': 'False', 'debug': 'False', 'log_format': 'default', 'partial_parse': 'True', 'send_anonymous_usage_stats': 'True', 'quiet': 'False', 'warn_error': 'None', 'profiles_dir': 'C:\\Users\\Chiranjeev Singh\\.dbt', 'invocation_command': 'dbt init', 'hints_enabled': 'True', 'indirect_selection': 'eager', 'use_experimental_parser': 'False', 'use_colors': 'True', 'log_path': 'logs'}
[0m02:25:00.791764 [info ] [MainThread]: Creating dbt configuration folder at C:\Users\Chiranjeev Singh\.dbt
[0m02:25:56.856745 [debug] [MainThread]: Starter project path: C:\Users\Chiranjeev Singh\Desktop\AWS_DBT_snowflake\.venv\Lib\site-packages\dbt\include\starter_project
[0m02:25:56.886867 [info ] [MainThread]: Setting up your profile.
[0m02:26:11.106722 [debug] [MainThread]: Snowflake adapter: Setting snowflake.connector to ERROR (file logging only)
[0m02:26:11.106722 [debug] [MainThread]: Snowflake adapter: Setting botocore to ERROR (file logging only)
[0m02:26:11.106722 [debug] [MainThread]: Snowflake adapter: Setting boto3 to ERROR (file logging only)
[0m02:31:20.139476 [debug] [MainThread]: Sending event: {'category': 'dbt', 'action': 'invocation', 'label': 'start', 'context': [<snowplow_tracker.self_describing_json.SelfDescribingJson object at 0x00000181C347F410>, <snowplow_tracker.self_describing_json.SelfDescribingJson object at 0x00000181C6822780>, <snowplow_tracker.self_describing_json.SelfDescribingJson object at 0x00000181C5B79460>]}


============================== 02:31:20.139476 | d144a629-8d97-4e81-b5d7-7b257a9afa3a ==============================
[0m02:31:20.139476 [info ] [MainThread]: Running with dbt=1.12.0
[0m02:31:20.139476 [debug] [MainThread]: running dbt with arguments {'maximum_seed_size_mib': '1', 'no_print': 'None', 'static_parser': 'True', 'target_path': 'None', 'warn_error_options': 'WarnErrorOptionsV2(error=[], warn=[], silence=[])', 'version_check': 'True', 'printer_width': '80', 'write_json': 'True', 'empty': 'None', 'log_cache_events': 'False', 'introspect': 'True', 'cache_selected_only': 'False', 'log_format': 'default', 'debug': 'False', 'fail_fast': 'False', 'profiles_dir': 'C:\\Users\\Chiranjeev Singh\\.dbt', 'send_anonymous_usage_stats': 'True', 'quiet': 'False', 'warn_error': 'None', 'partial_parse': 'True', 'use_colors': 'True', 'hints_enabled': 'True', 'invocation_command': 'dbt init', 'use_experimental_parser': 'False', 'indirect_selection': 'eager', 'log_path': 'logs'}
[0m02:31:36.324155 [info ] [MainThread]: A project called aws_dbt_snowflake_project already exists here.
[0m02:31:36.324155 [debug] [MainThread]: Command `dbt init` succeeded at 02:31:36.324155 after 16.32 seconds
[0m02:31:36.324155 [debug] [MainThread]: Sending event: {'category': 'dbt', 'action': 'invocation', 'label': 'end', 'context': [<snowplow_tracker.self_describing_json.SelfDescribingJson object at 0x00000181C4A1D310>, <snowplow_tracker.self_describing_json.SelfDescribingJson object at 0x00000181C347F410>, <snowplow_tracker.self_describing_json.SelfDescribingJson object at 0x00000181C7595B20>]}
[0m02:31:36.324155 [debug] [MainThread]: Flushing usage events
[0m02:31:37.522032 [debug] [MainThread]: An error was encountered while trying to flush usage events
[0m02:36:30.121190 [debug] [MainThread]: Sending event: {'category': 'dbt', 'action': 'invocation', 'label': 'start', 'context': [<snowplow_tracker.self_describing_json.SelfDescribingJson object at 0x0000025A221694C0>, <snowplow_tracker.self_describing_json.SelfDescribingJson object at 0x0000025A2219BC50>, <snowplow_tracker.self_describing_json.SelfDescribingJson object at 0x0000025A220A04A0>]}


============================== 02:36:30.124820 | 9322aed8-24b3-4bc5-ae2f-ff28b8ecdcc0 ==============================
[0m02:36:30.124820 [info ] [MainThread]: Running with dbt=1.12.0
[0m02:36:30.124820 [debug] [MainThread]: running dbt with arguments {'version_check': 'True', 'no_print': 'None', 'maximum_seed_size_mib': '1', 'target_path': 'None', 'warn_error_options': 'WarnErrorOptionsV2(error=[], warn=[], silence=[])', 'static_parser': 'True', 'printer_width': '80', 'write_json': 'True', 'empty': 'None', 'log_cache_events': 'False', 'introspect': 'True', 'cache_selected_only': 'False', 'log_format': 'default', 'debug': 'False', 'fail_fast': 'False', 'partial_parse': 'True', 'send_anonymous_usage_stats': 'True', 'quiet': 'False', 'warn_error': 'None', 'profiles_dir': 'C:\\Users\\Chiranjeev Singh\\.dbt', 'invocation_command': 'dbt debug', 'hints_enabled': 'True', 'use_colors': 'True', 'use_experimental_parser': 'False', 'indirect_selection': 'eager', 'log_path': 'logs'}
[0m02:36:30.172775 [info ] [MainThread]: dbt version: 1.12.0
[0m02:36:30.172775 [info ] [MainThread]: python version: 3.12.6
[0m02:36:30.180714 [info ] [MainThread]: python path: C:\Users\Chiranjeev Singh\Desktop\AWS_DBT_snowflake\.venv\Scripts\python.exe
[0m02:36:30.181734 [info ] [MainThread]: os info: Windows-11-10.0.26200-SP0
[0m02:36:30.182732 [info ] [MainThread]: Using profiles dir at C:\Users\Chiranjeev Singh\.dbt
[0m02:36:30.184730 [info ] [MainThread]: Using profiles.yml file at C:\Users\Chiranjeev Singh\.dbt\profiles.yml
[0m02:36:30.185598 [info ] [MainThread]: Using dbt_project.yml file at C:\Users\Chiranjeev Singh\Desktop\AWS_DBT_snowflake\dbt_project.yml
[0m02:36:30.187359 [info ] [MainThread]: Configuration:
[0m02:36:30.189377 [info ] [MainThread]:   profiles.yml file [[31mERROR not found[0m]
[0m02:36:30.191377 [info ] [MainThread]:   dbt_project.yml file [[31mERROR not found[0m]
[0m02:36:30.192382 [info ] [MainThread]: Required dependencies:
[0m02:36:30.194377 [debug] [MainThread]: Executing "git --help"
[0m02:36:30.278798 [debug] [MainThread]: STDOUT: "b"usage: git [-v | --version] [-h | --help] [-C <path>] [-c <name>=<value>]\n           [--exec-path[=<path>]] [--html-path] [--man-path] [--info-path]\n           [-p | --paginate | -P | --no-pager] [--no-replace-objects] [--no-lazy-fetch]\n           [--no-optional-locks] [--no-advice] [--bare] [--git-dir=<path>]\n           [--work-tree=<path>] [--namespace=<name>] [--config-env=<name>=<envvar>]\n           <command> [<args>]\n\nThese are common Git commands used in various situations:\n\nstart a working area (see also: git help tutorial)\n   clone      Clone a repository into a new directory\n   init       Create an empty Git repository or reinitialize an existing one\n\nwork on the current change (see also: git help everyday)\n   add        Add file contents to the index\n   mv         Move or rename a file, a directory, or a symlink\n   restore    Restore working tree files\n   rm         Remove files from the working tree and from the index\n\nexamine the history and state (see also: git help revisions)\n   bisect     Use binary search to find the commit that introduced a bug\n   diff       Show changes between commits, commit and working tree, etc\n   grep       Print lines matching a pattern\n   log        Show commit logs\n   show       Show various types of objects\n   status     Show the working tree status\n\ngrow, mark and tweak your common history\n   backfill   Download missing objects in a partial clone\n   branch     List, create, or delete branches\n   commit     Record changes to the repository\n   history    EXPERIMENTAL: Rewrite history\n   merge      Join two or more development histories together\n   rebase     Reapply commits on top of another base tip\n   reset      Set `HEAD` or the index to a known state\n   switch     Switch branches\n   tag        Create, list, delete or verify tags\n\ncollaborate (see also: git help workflows)\n   fetch      Download objects and refs from another repository\n   pull       Fetch from and integrate with another repository or a local branch\n   push       Update remote refs along with associated objects\n\n'git help -a' and 'git help -g' list available subcommands and some\nconcept guides. See 'git help <command>' or 'git help <concept>'\nto read about a specific subcommand or concept.\nSee 'git help git' for an overview of the system.\n""
[0m02:36:30.278798 [debug] [MainThread]: STDERR: "b''"
[0m02:36:30.278798 [info ] [MainThread]:  - git [[32mOK found[0m]

[0m02:36:30.278798 [info ] [MainThread]: Connection test skipped since no profile was found
[0m02:36:30.278798 [info ] [MainThread]: [31m2 checks failed:[0m
[0m02:36:30.278798 [info ] [MainThread]: dbt looked for a profiles.yml file in C:\Users\Chiranjeev Singh\.dbt\profiles.yml, but did
not find one. For more information on configuring your profile, consult the
documentation:

https://docs.getdbt.com/docs/configure-your-profile


[0m02:36:30.278798 [info ] [MainThread]: Project loading failed for the following reason:
 project path <C:\Users\Chiranjeev Singh\Desktop\AWS_DBT_snowflake\dbt_project.yml> not found

[0m02:36:30.278798 [debug] [MainThread]: Command `dbt debug` failed at 02:36:30.278798 after 0.45 seconds
[0m02:36:30.278798 [debug] [MainThread]: Sending event: {'category': 'dbt', 'action': 'invocation', 'label': 'end', 'context': [<snowplow_tracker.self_describing_json.SelfDescribingJson object at 0x0000025A1FCC0920>, <snowplow_tracker.self_describing_json.SelfDescribingJson object at 0x0000025A1C25A1B0>, <snowplow_tracker.self_describing_json.SelfDescribingJson object at 0x0000025A21E9F1A0>]}
[0m02:36:30.278798 [debug] [MainThread]: Flushing usage events
[0m02:36:31.420429 [debug] [MainThread]: An error was encountered while trying to flush usage events
[0m19:22:56.639479 [debug] [MainThread]: Sending event: {'category': 'dbt', 'action': 'invocation', 'label': 'start', 'context': [<snowplow_tracker.self_describing_json.SelfDescribingJson object at 0x000002321A3D80E0>, <snowplow_tracker.self_describing_json.SelfDescribingJson object at 0x000002321A40DF10>, <snowplow_tracker.self_describing_json.SelfDescribingJson object at 0x0000023218996570>]}


============================== 19:22:56.655740 | 836814a2-510e-446e-b875-65f2d7cfb889 ==============================
[0m19:22:56.655740 [info ] [MainThread]: Running with dbt=1.12.0
[0m19:22:56.655740 [debug] [MainThread]: running dbt with arguments {'version_check': 'True', 'no_print': 'None', 'static_parser': 'True', 'warn_error_options': 'WarnErrorOptionsV2(error=[], warn=[], silence=[])', 'target_path': 'None', 'maximum_seed_size_mib': '1', 'printer_width': '80', 'write_json': 'True', 'introspect': 'True', 'log_cache_events': 'False', 'empty': 'False', 'cache_selected_only': 'False', 'log_format': 'default', 'debug': 'False', 'fail_fast': 'False', 'partial_parse': 'True', 'send_anonymous_usage_stats': 'True', 'quiet': 'False', 'warn_error': 'None', 'profiles_dir': 'C:\\Users\\Chiranjeev Singh\\.dbt', 'invocation_command': 'dbt run', 'hints_enabled': 'True', 'indirect_selection': 'eager', 'use_experimental_parser': 'False', 'use_colors': 'True', 'log_path': 'logs'}
[0m19:22:56.655740 [error] [MainThread]: [[31mERROR[0m]: Encountered an error:
Runtime Error
  No dbt_project.yml found at expected path C:\Users\Chiranjeev Singh\Desktop\AWS_DBT_snowflake\dbt_project.yml
  Verify that each entry within packages.yml (and their transitive dependencies) contains a file named dbt_project.yml
  
[0m19:22:56.660917 [debug] [MainThread]: Command `dbt run` failed at 19:22:56.660917 after 0.51 seconds
[0m19:22:56.660917 [debug] [MainThread]: Sending event: {'category': 'dbt', 'action': 'invocation', 'label': 'end', 'context': [<snowplow_tracker.self_describing_json.SelfDescribingJson object at 0x000002321A37ED80>, <snowplow_tracker.self_describing_json.SelfDescribingJson object at 0x000002321AB75880>, <snowplow_tracker.self_describing_json.SelfDescribingJson object at 0x000002321A029C70>]}
[0m19:22:56.660917 [debug] [MainThread]: Flushing usage events
[0m19:22:58.155796 [debug] [MainThread]: An error was encountered while trying to flush usage events
[0m23:36:27.958216 [debug] [MainThread]: Sending event: {'category': 'dbt', 'action': 'invocation', 'label': 'start', 'context': [<snowplow_tracker.self_describing_json.SelfDescribingJson object at 0x000001229D284890>, <snowplow_tracker.self_describing_json.SelfDescribingJson object at 0x000001229AC01010>, <snowplow_tracker.self_describing_json.SelfDescribingJson object at 0x000001229D2848C0>]}


============================== 23:36:27.967903 | a36a6bdd-bdf1-44c0-8abd-1cddb17459f1 ==============================
[0m23:36:27.967903 [info ] [MainThread]: Running with dbt=1.12.0
[0m23:36:27.967903 [debug] [MainThread]: running dbt with arguments {'static_parser': 'True', 'no_print': 'None', 'version_check': 'True', 'target_path': 'None', 'warn_error_options': 'WarnErrorOptionsV2(error=[], warn=[], silence=[])', 'maximum_seed_size_mib': '1', 'printer_width': '80', 'write_json': 'True', 'introspect': 'True', 'log_cache_events': 'False', 'empty': 'False', 'cache_selected_only': 'False', 'log_format': 'default', 'debug': 'False', 'fail_fast': 'False', 'partial_parse': 'True', 'send_anonymous_usage_stats': 'True', 'quiet': 'False', 'warn_error': 'None', 'profiles_dir': 'C:\\Users\\Chiranjeev Singh\\.dbt', 'use_colors': 'True', 'hints_enabled': 'True', 'indirect_selection': 'eager', 'use_experimental_parser': 'False', 'invocation_command': 'dbt run --select models/demo', 'log_path': 'logs'}
[0m23:36:27.972160 [error] [MainThread]: [[31mERROR[0m]: Encountered an error:
Runtime Error
  No dbt_project.yml found at expected path C:\Users\Chiranjeev Singh\Desktop\AWS_DBT_snowflake\dbt_project.yml
  Verify that each entry within packages.yml (and their transitive dependencies) contains a file named dbt_project.yml
  
[0m23:36:27.973900 [debug] [MainThread]: Command `dbt run` failed at 23:36:27.973900 after 0.36 seconds
[0m23:36:27.973900 [debug] [MainThread]: Sending event: {'category': 'dbt', 'action': 'invocation', 'label': 'end', 'context': [<snowplow_tracker.self_describing_json.SelfDescribingJson object at 0x000001229CD7AD20>, <snowplow_tracker.self_describing_json.SelfDescribingJson object at 0x000001229AC01010>, <snowplow_tracker.self_describing_json.SelfDescribingJson object at 0x000001229CDE6780>]}
[0m23:36:27.973900 [debug] [MainThread]: Flushing usage events
[0m23:36:29.281729 [debug] [MainThread]: An error was encountered while trying to flush usage events
[0m02:24:28.824007 [debug] [MainThread]: Sending event: {'category': 'dbt', 'action': 'invocation', 'label': 'start', 'context': [<snowplow_tracker.self_describing_json.SelfDescribingJson object at 0x0000025D14396900>, <snowplow_tracker.self_describing_json.SelfDescribingJson object at 0x0000025D1272E8D0>, <snowplow_tracker.self_describing_json.SelfDescribingJson object at 0x0000025D1292B3E0>]}


============================== 02:24:28.843789 | 62f00ceb-0f9c-4b5d-8238-617870641f7d ==============================
[0m02:24:28.843789 [info ] [MainThread]: Running with dbt=1.12.0
[0m02:24:28.846666 [debug] [MainThread]: running dbt with arguments {'maximum_seed_size_mib': '1', 'no_print': 'None', 'static_parser': 'True', 'target_path': 'None', 'version_check': 'True', 'warn_error_options': 'WarnErrorOptionsV2(error=[], warn=[], silence=[])', 'printer_width': '80', 'write_json': 'True', 'empty': 'False', 'log_cache_events': 'False', 'introspect': 'True', 'cache_selected_only': 'False', 'fail_fast': 'False', 'debug': 'False', 'log_format': 'default', 'partial_parse': 'True', 'send_anonymous_usage_stats': 'True', 'quiet': 'False', 'warn_error': 'None', 'profiles_dir': 'C:\\Users\\Chiranjeev Singh\\.dbt', 'invocation_command': 'dbt compile', 'hints_enabled': 'True', 'use_colors': 'True', 'use_experimental_parser': 'False', 'indirect_selection': 'eager', 'log_path': 'logs'}
[0m02:24:28.846666 [error] [MainThread]: [[31mERROR[0m]: Encountered an error:
Runtime Error
  No dbt_project.yml found at expected path C:\Users\Chiranjeev Singh\Desktop\AWS_DBT_snowflake\dbt_project.yml
  Verify that each entry within packages.yml (and their transitive dependencies) contains a file named dbt_project.yml
  
[0m02:24:28.848679 [debug] [MainThread]: Command `dbt compile` failed at 02:24:28.848679 after 0.17 seconds
[0m02:24:28.848679 [debug] [MainThread]: Sending event: {'category': 'dbt', 'action': 'invocation', 'label': 'end', 'context': [<snowplow_tracker.self_describing_json.SelfDescribingJson object at 0x0000025D1272E8D0>, <snowplow_tracker.self_describing_json.SelfDescribingJson object at 0x0000025D105120C0>, <snowplow_tracker.self_describing_json.SelfDescribingJson object at 0x0000025D12A033E0>]}
[0m02:24:28.848679 [debug] [MainThread]: Flushing usage events
[0m02:24:30.106401 [debug] [MainThread]: An error was encountered while trying to flush usage events
[0m17:15:42.418904 [debug] [MainThread]: Sending event: {'category': 'dbt', 'action': 'invocation', 'label': 'start', 'context': [<snowplow_tracker.self_describing_json.SelfDescribingJson object at 0x000001DC206856D0>, <snowplow_tracker.self_describing_json.SelfDescribingJson object at 0x000001DC1D898E60>, <snowplow_tracker.self_describing_json.SelfDescribingJson object at 0x000001DC1FEF6540>]}


============================== 17:15:42.433878 | f0ffdb4b-30e6-48e1-9cfe-56927508162b ==============================
[0m17:15:42.433878 [info ] [MainThread]: Running with dbt=1.12.0
[0m17:15:42.436712 [debug] [MainThread]: running dbt with arguments {'version_check': 'True', 'no_print': 'None', 'maximum_seed_size_mib': '1', 'target_path': 'None', 'static_parser': 'True', 'warn_error_options': 'WarnErrorOptionsV2(error=[], warn=[], silence=[])', 'printer_width': '80', 'write_json': 'True', 'introspect': 'True', 'log_cache_events': 'False', 'empty': 'False', 'cache_selected_only': 'False', 'log_format': 'default', 'debug': 'False', 'fail_fast': 'False', 'profiles_dir': 'C:\\Users\\Chiranjeev Singh\\.dbt', 'send_anonymous_usage_stats': 'True', 'quiet': 'False', 'warn_error': 'None', 'partial_parse': 'True', 'use_colors': 'True', 'hints_enabled': 'True', 'invocation_command': 'dbt run', 'use_experimental_parser': 'False', 'indirect_selection': 'eager', 'log_path': 'logs'}
[0m17:15:42.438723 [error] [MainThread]: [[31mERROR[0m]: Encountered an error:
Runtime Error
  No dbt_project.yml found at expected path C:\Users\Chiranjeev Singh\Desktop\AWS_DBT_snowflake\dbt_project.yml
  Verify that each entry within packages.yml (and their transitive dependencies) contains a file named dbt_project.yml
  
[0m17:15:42.445231 [debug] [MainThread]: Command `dbt run` failed at 17:15:42.445231 after 0.87 seconds
[0m17:15:42.445231 [debug] [MainThread]: Sending event: {'category': 'dbt', 'action': 'invocation', 'label': 'end', 'context': [<snowplow_tracker.self_describing_json.SelfDescribingJson object at 0x000001DC1FE58530>, <snowplow_tracker.self_describing_json.SelfDescribingJson object at 0x000001DC1FE8E8D0>, <snowplow_tracker.self_describing_json.SelfDescribingJson object at 0x000001DC20438BC0>]}
[0m17:15:42.448819 [debug] [MainThread]: Flushing usage events
[0m17:15:45.955624 [debug] [MainThread]: An error was encountered while trying to flush usage events
[0m21:28:09.807453 [debug] [MainThread]: Sending event: {'category': 'dbt', 'action': 'invocation', 'label': 'start', 'context': [<snowplow_tracker.self_describing_json.SelfDescribingJson object at 0x000001CD4EBFF410>, <snowplow_tracker.self_describing_json.SelfDescribingJson object at 0x000001CD521A5C70>, <snowplow_tracker.self_describing_json.SelfDescribingJson object at 0x000001CD51F82720>]}


============================== 21:28:09.826235 | 63e3c0a1-c074-47d1-98b9-23942a65bba0 ==============================
[0m21:28:09.826235 [info ] [MainThread]: Running with dbt=1.12.0
[0m21:28:09.826235 [debug] [MainThread]: running dbt with arguments {'maximum_seed_size_mib': '1', 'no_print': 'None', 'static_parser': 'True', 'warn_error_options': 'WarnErrorOptionsV2(error=[], warn=[], silence=[])', 'version_check': 'True', 'target_path': 'None', 'printer_width': '80', 'write_json': 'True', 'empty': 'False', 'log_cache_events': 'False', 'introspect': 'True', 'cache_selected_only': 'False', 'fail_fast': 'False', 'debug': 'False', 'log_format': 'default', 'profiles_dir': 'C:\\Users\\Chiranjeev Singh\\.dbt', 'send_anonymous_usage_stats': 'True', 'quiet': 'False', 'warn_error': 'None', 'partial_parse': 'True', 'invocation_command': 'dbt compile', 'hints_enabled': 'True', 'indirect_selection': 'eager', 'use_experimental_parser': 'False', 'use_colors': 'True', 'log_path': 'logs'}
[0m21:28:09.826235 [error] [MainThread]: [[31mERROR[0m]: Encountered an error:
Runtime Error
  No dbt_project.yml found at expected path C:\Users\Chiranjeev Singh\Desktop\AWS_DBT_snowflake\dbt_project.yml
  Verify that each entry within packages.yml (and their transitive dependencies) contains a file named dbt_project.yml
  
[0m21:28:09.826235 [debug] [MainThread]: Command `dbt compile` failed at 21:28:09.826235 after 0.23 seconds
[0m21:28:09.826235 [debug] [MainThread]: Sending event: {'category': 'dbt', 'action': 'invocation', 'label': 'end', 'context': [<snowplow_tracker.self_describing_json.SelfDescribingJson object at 0x000001CD4ED4DD60>, <snowplow_tracker.self_describing_json.SelfDescribingJson object at 0x000001CD523D2E70>, <snowplow_tracker.self_describing_json.SelfDescribingJson object at 0x000001CD53F4D520>]}
[0m21:28:09.826235 [debug] [MainThread]: Flushing usage events
[0m21:28:11.406666 [debug] [MainThread]: An error was encountered while trying to flush usage events
[0m00:23:03.840434 [debug] [MainThread]: Sending event: {'category': 'dbt', 'action': 'invocation', 'label': 'start', 'context': [<snowplow_tracker.self_describing_json.SelfDescribingJson object at 0x0000012A8BD14A40>, <snowplow_tracker.self_describing_json.SelfDescribingJson object at 0x0000012A8BD7C0B0>, <snowplow_tracker.self_describing_json.SelfDescribingJson object at 0x0000012A8A303680>]}


============================== 00:23:03.840434 | 71a18367-cb68-4f08-a581-0aba8ec67ca0 ==============================
[0m00:23:03.840434 [info ] [MainThread]: Running with dbt=1.12.0
[0m00:23:03.840434 [debug] [MainThread]: running dbt with arguments {'static_parser': 'True', 'no_print': 'None', 'version_check': 'True', 'target_path': 'None', 'warn_error_options': 'WarnErrorOptionsV2(error=[], warn=[], silence=[])', 'maximum_seed_size_mib': '1', 'printer_width': '80', 'write_json': 'True', 'empty': 'False', 'log_cache_events': 'False', 'introspect': 'True', 'cache_selected_only': 'False', 'log_format': 'default', 'debug': 'False', 'fail_fast': 'False', 'profiles_dir': 'C:\\Users\\Chiranjeev Singh\\.dbt', 'send_anonymous_usage_stats': 'True', 'quiet': 'False', 'warn_error': 'None', 'partial_parse': 'True', 'indirect_selection': 'eager', 'hints_enabled': 'True', 'use_colors': 'True', 'use_experimental_parser': 'False', 'invocation_command': 'dbt compile', 'log_path': 'logs'}
[0m00:23:03.840434 [error] [MainThread]: [[31mERROR[0m]: Encountered an error:
Runtime Error
  No dbt_project.yml found at expected path C:\Users\Chiranjeev Singh\Desktop\AWS_DBT_snowflake\dbt_project.yml
  Verify that each entry within packages.yml (and their transitive dependencies) contains a file named dbt_project.yml
  
[0m00:23:03.856507 [debug] [MainThread]: Command `dbt compile` failed at 00:23:03.856507 after 0.39 seconds
[0m00:23:03.856507 [debug] [MainThread]: Sending event: {'category': 'dbt', 'action': 'invocation', 'label': 'end', 'context': [<snowplow_tracker.self_describing_json.SelfDescribingJson object at 0x0000012A8A373440>, <snowplow_tracker.self_describing_json.SelfDescribingJson object at 0x0000012A89F34980>, <snowplow_tracker.self_describing_json.SelfDescribingJson object at 0x0000012A897E9A00>]}
[0m00:23:03.856507 [debug] [MainThread]: Flushing usage events
[0m00:23:05.042777 [debug] [MainThread]: An error was encountered while trying to flush usage events
[0m18:44:03.835349 [debug] [MainThread]: Sending event: {'category': 'dbt', 'action': 'invocation', 'label': 'start', 'context': [<snowplow_tracker.self_describing_json.SelfDescribingJson object at 0x000002C4AC8A89B0>, <snowplow_tracker.self_describing_json.SelfDescribingJson object at 0x000002C4AF9322A0>, <snowplow_tracker.self_describing_json.SelfDescribingJson object at 0x000002C4AF930DA0>]}


============================== 18:44:03.841382 | 36ae9902-d9e4-4144-bec0-957bfc9a5976 ==============================
[0m18:44:03.841382 [info ] [MainThread]: Running with dbt=1.12.0
[0m18:44:03.841382 [debug] [MainThread]: running dbt with arguments {'version_check': 'True', 'no_print': 'None', 'static_parser': 'True', 'warn_error_options': 'WarnErrorOptionsV2(error=[], warn=[], silence=[])', 'target_path': 'None', 'maximum_seed_size_mib': '1', 'printer_width': '80', 'write_json': 'True', 'introspect': 'True', 'log_cache_events': 'False', 'empty': 'False', 'cache_selected_only': 'False', 'fail_fast': 'False', 'debug': 'False', 'log_format': 'default', 'profiles_dir': 'C:\\Users\\Chiranjeev Singh\\.dbt', 'send_anonymous_usage_stats': 'True', 'quiet': 'False', 'warn_error': 'None', 'partial_parse': 'True', 'use_colors': 'True', 'hints_enabled': 'True', 'indirect_selection': 'eager', 'use_experimental_parser': 'False', 'invocation_command': 'dbt compile', 'log_path': 'logs'}
[0m18:44:03.841382 [error] [MainThread]: [[31mERROR[0m]: Encountered an error:
Runtime Error
  No dbt_project.yml found at expected path C:\Users\Chiranjeev Singh\Desktop\AWS_DBT_snowflake\dbt_project.yml
  Verify that each entry within packages.yml (and their transitive dependencies) contains a file named dbt_project.yml
  
[0m18:44:03.851545 [debug] [MainThread]: Command `dbt compile` failed at 18:44:03.849950 after 0.33 seconds
[0m18:44:03.851545 [debug] [MainThread]: Sending event: {'category': 'dbt', 'action': 'invocation', 'label': 'end', 'context': [<snowplow_tracker.self_describing_json.SelfDescribingJson object at 0x000002C4B19DB0B0>, <snowplow_tracker.self_describing_json.SelfDescribingJson object at 0x000002C4B00CA000>, <snowplow_tracker.self_describing_json.SelfDescribingJson object at 0x000002C4AC8FDA90>]}
[0m18:44:03.851545 [debug] [MainThread]: Flushing usage events
[0m18:44:05.451152 [debug] [MainThread]: An error was encountered while trying to flush usage events
